C:\Users\oktay\Projeler\irrigation\Core\Src\irrigation_control.c:28:6:IRRIGATION_CTRL_Init	8	static
C:\Users\oktay\Projeler\irrigation\Core\Src\irrigation_control.c:51:6:IRRIGATION_CTRL_SetPHParams	32	static
C:\Users\oktay\Projeler\irrigation\Core\Src\irrigation_control.c:70:6:IRRIGATION_CTRL_SetECParams	32	static
C:\Users\oktay\Projeler\irrigation\Core\Src\irrigation_control.c:89:6:IRRIGATION_CTRL_GetPHParams	24	static
C:\Users\oktay\Projeler\irrigation\Core\Src\irrigation_control.c:94:6:IRRIGATION_CTRL_GetECParams	24	static
C:\Users\oktay\Projeler\irrigation\Core\Src\irrigation_control.c:99:6:IRRIGATION_CTRL_SetParcelDuration	16	static
C:\Users\oktay\Projeler\irrigation\Core\Src\irrigation_control.c:111:6:IRRIGATION_CTRL_Update	8	static
C:\Users\oktay\Projeler\irrigation\Core\Src\irrigation_control.c:196:6:IRRIGATION_CTRL_ReadSensors	8	static
C:\Users\oktay\Projeler\irrigation\Core\Src\irrigation_control.c:203:7:IRRIGATION_CTRL_GetPH	8	static
C:\Users\oktay\Projeler\irrigation\Core\Src\irrigation_control.c:207:7:IRRIGATION_CTRL_GetEC	8	static
C:\Users\oktay\Projeler\irrigation\Core\Src\irrigation_control.c:211:9:IRRIGATION_CTRL_IsPHValid	8	static
C:\Users\oktay\Projeler\irrigation\Core\Src\irrigation_control.c:215:9:IRRIGATION_CTRL_IsECValid	8	static
C:\Users\oktay\Projeler\irrigation\Core\Src\irrigation_control.c:219:9:IRRIGATION_CTRL_CheckPH	8	static
C:\Users\oktay\Projeler\irrigation\Core\Src\irrigation_control.c:223:9:IRRIGATION_CTRL_CheckEC	8	static
C:\Users\oktay\Projeler\irrigation\Core\Src\irrigation_control.c:230:9:IRRIGATION_CTRL_IsPHInRange	16	static
C:\Users\oktay\Projeler\irrigation\Core\Src\irrigation_control.c:238:9:IRRIGATION_CTRL_IsECInRange	16	static
C:\Users\oktay\Projeler\irrigation\Core\Src\irrigation_control.c:246:6:IRRIGATION_CTRL_AdjustPH	16	static
C:\Users\oktay\Projeler\irrigation\Core\Src\irrigation_control.c:266:6:IRRIGATION_CTRL_AdjustEC	8	static
C:\Users\oktay\Projeler\irrigation\Core\Src\irrigation_control.c:278:6:IRRIGATION_CTRL_NextParcel	16	static
C:\Users\oktay\Projeler\irrigation\Core\Src\irrigation_control.c:305:9:IRRIGATION_CTRL_IsParcelComplete	16	static
C:\Users\oktay\Projeler\irrigation\Core\Src\irrigation_control.c:318:6:IRRIGATION_CTRL_Start	16	static
C:\Users\oktay\Projeler\irrigation\Core\Src\irrigation_control.c:343:6:IRRIGATION_CTRL_Stop	8	static
C:\Users\oktay\Projeler\irrigation\Core\Src\irrigation_control.c:355:6:IRRIGATION_CTRL_Pause	4	static
C:\Users\oktay\Projeler\irrigation\Core\Src\irrigation_control.c:359:6:IRRIGATION_CTRL_Resume	4	static
C:\Users\oktay\Projeler\irrigation\Core\Src\irrigation_control.c:363:9:IRRIGATION_CTRL_IsRunning	4	static
C:\Users\oktay\Projeler\irrigation\Core\Src\irrigation_control.c:367:6:IRRIGATION_CTRL_SetAutoMode	16	static
C:\Users\oktay\Projeler\irrigation\Core\Src\irrigation_control.c:371:13:IRRIGATION_CTRL_GetAutoMode	4	static
C:\Users\oktay\Projeler\irrigation\Core\Src\irrigation_control.c:375:17:IRRIGATION_CTRL_GetState	4	static
C:\Users\oktay\Projeler\irrigation\Core\Src\irrigation_control.c:379:13:IRRIGATION_CTRL_GetStateName	16	static
C:\Users\oktay\Projeler\irrigation\Core\Src\irrigation_control.c:406:6:IRRIGATION_CTRL_StartParcel	16	static
C:\Users\oktay\Projeler\irrigation\Core\Src\irrigation_control.c:414:6:IRRIGATION_CTRL_StopParcel	8	static
C:\Users\oktay\Projeler\irrigation\Core\Src\irrigation_control.c:422:9:IRRIGATION_CTRL_GetCurrentParcelId	4	static
C:\Users\oktay\Projeler\irrigation\Core\Src\irrigation_control.c:426:10:IRRIGATION_CTRL_GetRemainingTime	16	static
C:\Users\oktay\Projeler\irrigation\Core\Src\irrigation_control.c:442:6:IRRIGATION_CTRL_AddToQueue	16	static
C:\Users\oktay\Projeler\irrigation\Core\Src\irrigation_control.c:457:6:IRRIGATION_CTRL_ClearQueue	8	static
C:\Users\oktay\Projeler\irrigation\Core\Src\irrigation_control.c:464:6:IRRIGATION_CTRL_StartMixing	8	static
C:\Users\oktay\Projeler\irrigation\Core\Src\irrigation_control.c:470:6:IRRIGATION_CTRL_StopMixing	4	static
C:\Users\oktay\Projeler\irrigation\Core\Src\irrigation_control.c:474:9:IRRIGATION_CTRL_IsMixingComplete	8	static
C:\Users\oktay\Projeler\irrigation\Core\Src\irrigation_control.c:479:6:IRRIGATION_CTRL_StartSettling	8	static
C:\Users\oktay\Projeler\irrigation\Core\Src\irrigation_control.c:485:9:IRRIGATION_CTRL_IsSettlingComplete	8	static
C:\Users\oktay\Projeler\irrigation\Core\Src\irrigation_control.c:490:6:IRRIGATION_CTRL_SetError	16	static
C:\Users\oktay\Projeler\irrigation\Core\Src\irrigation_control.c:506:6:IRRIGATION_CTRL_ClearError	16	static
C:\Users\oktay\Projeler\irrigation\Core\Src\irrigation_control.c:516:6:IRRIGATION_CTRL_ClearAllErrors	4	static
C:\Users\oktay\Projeler\irrigation\Core\Src\irrigation_control.c:521:14:IRRIGATION_CTRL_GetLastError	4	static
C:\Users\oktay\Projeler\irrigation\Core\Src\irrigation_control.c:525:9:IRRIGATION_CTRL_HasErrors	4	static
C:\Users\oktay\Projeler\irrigation\Core\Src\irrigation_control.c:529:13:IRRIGATION_CTRL_GetErrorString	16	static
C:\Users\oktay\Projeler\irrigation\Core\Src\irrigation_control.c:556:6:IRRIGATION_CTRL_EmergencyStop	8	static
C:\Users\oktay\Projeler\irrigation\Core\Src\irrigation_control.c:567:10:IRRIGATION_CTRL_GetTotalWateringTime	4	static
C:\Users\oktay\Projeler\irrigation\Core\Src\irrigation_control.c:571:10:IRRIGATION_CTRL_GetTotalParcelCount	4	static
C:\Users\oktay\Projeler\irrigation\Core\Src\irrigation_control.c:575:10:IRRIGATION_CTRL_GetCurrentRunTime	8	static
C:\Users\oktay\Projeler\irrigation\Core\Src\irrigation_control.c:583:6:IRRIGATION_CTRL_ResetStatistics	4	static
C:\Users\oktay\Projeler\irrigation\Core\Src\irrigation_control.c:588:6:IRRIGATION_CTRL_SetSchedule	16	static
C:\Users\oktay\Projeler\irrigation\Core\Src\irrigation_control.c:596:6:IRRIGATION_CTRL_GetSchedule	16	static
C:\Users\oktay\Projeler\irrigation\Core\Src\irrigation_control.c:604:6:IRRIGATION_CTRL_CheckSchedules	4	static
C:\Users\oktay\Projeler\irrigation\Core\Src\irrigation_control.c:607:6:IRRIGATION_CTRL_OnStateChange	16	static
C:\Users\oktay\Projeler\irrigation\Core\Src\irrigation_control.c:613:6:IRRIGATION_CTRL_OnPHAdjusted	16	static
C:\Users\oktay\Projeler\irrigation\Core\Src\irrigation_control.c:617:6:IRRIGATION_CTRL_OnECAdjusted	16	static
C:\Users\oktay\Projeler\irrigation\Core\Src\irrigation_control.c:621:6:IRRIGATION_CTRL_OnParcelComplete	16	static
C:\Users\oktay\Projeler\irrigation\Core\Src\irrigation_control.c:625:6:IRRIGATION_CTRL_OnError	16	static
C:\Users\oktay\Projeler\irrigation\Core\Src\irrigation_control.c:629:13:IRRIGATION_CTRL_ChangeState	24	static
C:\Users\oktay\Projeler\irrigation\Core\Src\irrigation_control.c:639:13:IRRIGATION_CTRL_CompleteDoseIfNeeded	8	static
C:\Users\oktay\Projeler\irrigation\Core\Src\irrigation_control.c:646:13:IRRIGATION_CTRL_UpdateDoseState	16	static
C:\Users\oktay\Projeler\irrigation\Core\Src\irrigation_control.c:678:13:IRRIGATION_CTRL_ResetCurrentParcel	4	static
C:\Users\oktay\Projeler\irrigation\Core\Src\irrigation_control.c:688:16:IRRIGATION_CTRL_IsParcelQueued	24	static
