C:\Users\oktay\Projeler\irrigation\Core\Src\main.c:83:5:main	16	static
C:\Users\oktay\Projeler\irrigation\Core\Src\main.c:148:6:SystemClock_Config	88	static
C:\Users\oktay\Projeler\irrigation\Core\Src\main.c:195:13:MX_ADC1_Init	24	static
C:\Users\oktay\Projeler\irrigation\Core\Src\main.c:247:13:MX_I2C1_Init	8	static
C:\Users\oktay\Projeler\irrigation\Core\Src\main.c:281:13:MX_SPI1_Init	8	static
C:\Users\oktay\Projeler\irrigation\Core\Src\main.c:319:13:MX_TIM1_Init	96	static
C:\Users\oktay\Projeler\irrigation\Core\Src\main.c:394:13:MX_USART1_UART_Init	8	static
C:\Users\oktay\Projeler\irrigation\Core\Src\main.c:431:13:MX_GPIO_Init	48	static
C:\Users\oktay\Projeler\irrigation\Core\Src\main.c:478:13:MX_FSMC_Init	40	static
C:\Users\oktay\Projeler\irrigation\Core\Src\main.c:538:6:Error_Handler	4	static,ignoring_inline_asm
