C:\Users\oktay\Projeler\irrigation\Core\Src\sensors.c:68:6:SENSORS_Init	8	static
C:\Users\oktay\Projeler\irrigation\Core\Src\sensors.c:91:6:SENSORS_StartContinuous	8	static
C:\Users\oktay\Projeler\irrigation\Core\Src\sensors.c:99:6:SENSORS_StopContinuous	8	static
C:\Users\oktay\Projeler\irrigation\Core\Src\sensors.c:110:6:SENSORS_Process	16	static
C:\Users\oktay\Projeler\irrigation\Core\Src\sensors.c:144:6:HAL_ADC_ConvCpltCallback	16	static
C:\Users\oktay\Projeler\irrigation\Core\Src\sensors.c:151:9:PH_Read	24	static
C:\Users\oktay\Projeler\irrigation\Core\Src\sensors.c:180:9:EC_Read	24	static
C:\Users\oktay\Projeler\irrigation\Core\Src\sensors.c:211:7:EC_TemperatureCompensate	24	static
C:\Users\oktay\Projeler\irrigation\Core\Src\sensors.c:223:9:PH_CalibratePoint	24	static
C:\Users\oktay\Projeler\irrigation\Core\Src\sensors.c:243:9:PH_CalibrationComplete	16	static
C:\Users\oktay\Projeler\irrigation\Core\Src\sensors.c:260:9:EC_CalibratePoint	24	static
C:\Users\oktay\Projeler\irrigation\Core\Src\sensors.c:280:9:EC_CalibrationComplete	16	static
C:\Users\oktay\Projeler\irrigation\Core\Src\sensors.c:294:6:PH_SetCalibration	24	static
C:\Users\oktay\Projeler\irrigation\Core\Src\sensors.c:302:6:PH_GetCalibration	24	static
C:\Users\oktay\Projeler\irrigation\Core\Src\sensors.c:310:6:EC_SetCalibration	24	static
C:\Users\oktay\Projeler\irrigation\Core\Src\sensors.c:318:6:EC_GetCalibration	24	static
C:\Users\oktay\Projeler\irrigation\Core\Src\sensors.c:326:7:PH_GetValue	8	static
C:\Users\oktay\Projeler\irrigation\Core\Src\sensors.c:331:7:EC_GetValue	8	static
C:\Users\oktay\Projeler\irrigation\Core\Src\sensors.c:336:7:PH_GetVoltage	8	static
C:\Users\oktay\Projeler\irrigation\Core\Src\sensors.c:341:7:EC_GetVoltage	8	static
C:\Users\oktay\Projeler\irrigation\Core\Src\sensors.c:346:9:PH_GetStatus	8	static
C:\Users\oktay\Projeler\irrigation\Core\Src\sensors.c:351:9:EC_GetStatus	8	static
C:\Users\oktay\Projeler\irrigation\Core\Src\sensors.c:356:6:SENSORS_SetTemperature	16	static
C:\Users\oktay\Projeler\irrigation\Core\Src\sensors.c:361:7:SENSORS_GetTemperature	8	static
C:\Users\oktay\Projeler\irrigation\Core\Src\sensors.c:366:10:SENSORS_FilterADC	24	static
C:\Users\oktay\Projeler\irrigation\Core\Src\sensors.c:378:7:SENSORS_MovingAverage	24	static
C:\Users\oktay\Projeler\irrigation\Core\Src\sensors.c:391:6:SENSORS_ADC_CompleteCallback	4	static
C:\Users\oktay\Projeler\irrigation\Core\Src\sensors.c:449:16:SENSORS_RunLinearCalibration	48	static
C:\Users\oktay\Projeler\irrigation\Core\Src\sensors.c:481:13:SENSORS_ModbusInitInterface	48	static
C:\Users\oktay\Projeler\irrigation\Core\Src\sensors.c:522:13:SENSORS_ModbusSetDirection	16	static
C:\Users\oktay\Projeler\irrigation\Core\Src\sensors.c:530:13:SENSORS_ModbusFlushRx	16	static
C:\Users\oktay\Projeler\irrigation\Core\Src\sensors.c:540:17:SENSORS_ModbusCRC16	24	static
C:\Users\oktay\Projeler\irrigation\Core\Src\sensors.c:557:16:SENSORS_ModbusStartTransaction	24	static
C:\Users\oktay\Projeler\irrigation\Core\Src\sensors.c:619:13:SENSORS_ModbusScheduleCycle	8	static
C:\Users\oktay\Projeler\irrigation\Core\Src\sensors.c:626:13:SENSORS_ModbusHandleTransactionResult	16	static
C:\Users\oktay\Projeler\irrigation\Core\Src\sensors.c:653:13:SENSORS_ModbusResetTransaction	8	static
C:\Users\oktay\Projeler\irrigation\Core\Src\sensors.c:663:16:SENSORS_ModbusProcessResponse	32	static
C:\Users\oktay\Projeler\irrigation\Core\Src\sensors.c:730:6:HAL_UART_TxCpltCallback	16	static
C:\Users\oktay\Projeler\irrigation\Core\Src\sensors.c:739:6:HAL_UARTEx_RxEventCallback	16	static
C:\Users\oktay\Projeler\irrigation\Core\Src\sensors.c:748:6:HAL_UART_ErrorCallback	16	static
