Core/Inc/lcd_ili9341.h:163:20:LCD_WriteCommand	16	static,ignoring_inline_asm
Core/Inc/lcd_ili9341.h:169:20:LCD_WriteData	16	static,ignoring_inline_asm
Core/Inc/lcd_ili9341.h:175:20:LCD_WriteData16	16	static
C:\Users\oktay\Projeler\irrigation\Core\Src\lcd_ili9341.c:72:10:LCD_GetDisplayWidth	4	static
C:\Users\oktay\Projeler\irrigation\Core\Src\lcd_ili9341.c:81:10:LCD_GetDisplayHeight	4	static
C:\Users\oktay\Projeler\irrigation\Core\Src\lcd_ili9341.c:93:6:LCD_Reset	8	static
C:\Users\oktay\Projeler\irrigation\Core\Src\lcd_ili9341.c:103:6:LCD_Init	8	static
C:\Users\oktay\Projeler\irrigation\Core\Src\lcd_ili9341.c:244:6:LCD_SetOrientation	16	static
C:\Users\oktay\Projeler\irrigation\Core\Src\lcd_ili9341.c:267:6:LCD_Clear	24	static
C:\Users\oktay\Projeler\irrigation\Core\Src\lcd_ili9341.c:282:6:LCD_SetAddressWindow	24	static
C:\Users\oktay\Projeler\irrigation\Core\Src\lcd_ili9341.c:299:6:LCD_SetCursor	24	static
C:\Users\oktay\Projeler\irrigation\Core\Src\lcd_ili9341.c:307:6:LCD_DrawPixel	16	static
C:\Users\oktay\Projeler\irrigation\Core\Src\lcd_ili9341.c:318:6:LCD_FillRect	32	static
C:\Users\oktay\Projeler\irrigation\Core\Src\lcd_ili9341.c:334:6:LCD_DrawHLine	32	static
C:\Users\oktay\Projeler\irrigation\Core\Src\lcd_ili9341.c:341:6:LCD_DrawVLine	32	static
C:\Users\oktay\Projeler\irrigation\Core\Src\lcd_ili9341.c:348:6:LCD_DrawRect	24	static
C:\Users\oktay\Projeler\irrigation\Core\Src\lcd_ili9341.c:359:6:LCD_DrawLine	40	static
C:\Users\oktay\Projeler\irrigation\Core\Src\lcd_ili9341.c:386:6:LCD_DrawChar	32	static
C:\Users\oktay\Projeler\irrigation\Core\Src\lcd_ili9341.c:394:6:LCD_DrawString	40	static
C:\Users\oktay\Projeler\irrigation\Core\Src\lcd_ili9341.c:402:23:LCD_GetFallbackGlyph	24	static
C:\Users\oktay\Projeler\irrigation\Core\Src\lcd_ili9341.c:426:13:LCD_DrawFallbackChar	48	static
C:\Users\oktay\Projeler\irrigation\Core\Src\lcd_ili9341.c:482:6:LCD_SetBacklight	24	static
C:\Users\oktay\Projeler\irrigation\Core\Src\lcd_ili9341.c:493:6:LCD_Sleep	8	static
C:\Users\oktay\Projeler\irrigation\Core\Src\lcd_ili9341.c:502:6:LCD_WakeUp	8	static
C:\Users\oktay\Projeler\irrigation\Core\Src\lcd_ili9341.c:510:6:LCD_DrawCircle	16	static
C:\Users\oktay\Projeler\irrigation\Core\Src\lcd_ili9341.c:511:6:LCD_FillCircle	16	static
C:\Users\oktay\Projeler\irrigation\Core\Src\lcd_ili9341.c:512:6:LCD_DrawTriangle	16	static
C:\Users\oktay\Projeler\irrigation\Core\Src\lcd_ili9341.c:513:6:LCD_FillTriangle	16	static
C:\Users\oktay\Projeler\irrigation\Core\Src\lcd_ili9341.c:514:6:LCD_DrawBitmap	32	static
